// Jest Snapshot v1, https://goo.gl/fbAQLP

exports[`getEnvironmentInfo returns consistent environment information 1`] = `
"
    <environment_details>
Environment Information:
Operating System: linux 6.8.0-1021-azure
Architecture: x64
CPU Cores: 4
Total Memory: 16GB
Free Memory: 14GB
Default Shell: /bin/bash
Home Directory: /home/runner
Current Working Directory: /home/runner/work/hataraku/hataraku
Files in Current Directory: .changeset,.cursor,.eslintrc.json,.git,.gitattributes,.github,.gitignore,.husky,.npmrc,.nvmrc,.prettierignore,.prettierrc.json,CHANGELOG.md,CONTRIBUTING.md,LICENSE,README.md,docs,esbuild.js,jest.config.cjs,node_modules,package-lock.json,package.json,src,tsconfig.cjs.json,tsconfig.esm.json,tsconfig.json
Node Version: v20.6.0
Current Time: 1/1/1970, 12:00:00 AM
Locale: en-US
Timezone: UTC
User Info: runner
Package Manager: npm
Terminal: undefined
Git Branch: HEAD
</environment_details>
"
`;
